// Jest Snapshot v1, https://goo.gl/fbAQLP

exports[`<App /> should render the App component  1`] = `
<div>
  <div
    className="btn-right"
  >
    <nav>
      <Login
        buttonText="Login Using Google"
        responseGoogle={[Function]}
      />
    </nav>
  </div>
  <div>
    <Switch>
      <Route
        exact={true}
        path="/landing"
        render={[Function]}
      />
      <Redirect
        push={false}
        to="/landing"
      />
    </Switch>
  </div>
</div>
`;

exports[`<HomePage /> should render the HomePage component  1`] = `
<div>
  <div
    className="top-row"
  >
    <div
      className="btn-right"
    >
      <t
        buttonText="Logout"
        disabledStyle={
          Object {
            "opacity": 0.6,
          }
        }
        onLogoutSuccess={[Function]}
        onRequest={[Function]}
        responseType="permission"
        tag="button"
      />
    </div>
  </div>
  <div>
    <h1
      style={
        Object {
          "textAlign": "center",
        }
      }
    >
       
    </h1>
    <ProgressBar />
    <MessageList />
  </div>
</div>
`;

exports[`<Login /> should render the Login component  1`] = `
<t
  buttonText="Login with Google"
  clientId="661794075574-q87lqva7vp50d04qv7h4dm95lhmvs3m3.apps.googleusercontent.com"
  cookiePolicy="single_host_origin"
  disabledStyle={
    Object {
      "opacity": 0.6,
    }
  }
  fetchBasicProfile={true}
  isSignedIn={false}
  onFailure={[Function]}
  onRequest={[Function]}
  prompt=""
  scope="profile email"
  tag="button"
  type="button"
  uxMode="popup"
/>
`;

exports[`<Message /> should render the Message component  1`] = `
<Card
  expandable={false}
  expanded={null}
  initiallyExpanded={false}
  style={
    Object {
      "margin": "5px auto",
      "width": "66%",
    }
  }
>
  <CardHeader
    avatar={null}
  />
  <CardText>
    great work, keep it up!
  </CardText>
</Card>
`;

exports[`<MessageList /> should render the MessageList component  1`] = `
<div>
  <Message
    message={
      Object {
        "_id": 1,
        "sender": "Abraham Lincoln",
        "text": "great work, keep it up!",
        "timeStamp": "datestring here",
      }
    }
  />
  <Message
    message={
      Object {
        "_id": 2,
        "sender": "George Washington",
        "text": "amazing!",
        "timeStamp": "next datestring here",
      }
    }
  />
  <Message
    message={
      Object {
        "_id": 3,
        "sender": "Barack Obama",
        "text": "I believe in you",
        "timeStamp": "3rd datestring here",
      }
    }
  />
  <Message
    message={
      Object {
        "_id": 4,
        "sender": "Bill Clinton",
        "text": "you can do it!",
        "timeStamp": "datestring #4 here",
      }
    }
  />
</div>
`;

exports[`<ProgressBar /> should render the ProgressBar component  1`] = `
<div>
  <div>
    <p
      className="progress-comment"
    >
      Your smoke free life begins now!
    </p>
  </div>
  <div
    className="progress-container"
  >
    <div
      className="axis"
    >
      0
    </div>
    <LinearProgress
      max={60}
      min={0}
      mode="determinate"
      style={
        Object {
          "height": "10px",
          "margin": "30px 5px",
          "width": "50%",
        }
      }
      value={0}
    />
    <div
      className="axis"
    >
      60
    </div>
  </div>
</div>
`;
